---
http_interactions:
- request:
    method: post
    uri: https://be-plant-microservce-b4648dce0143.herokuapp.com/generate_plant
    body:
      encoding: UTF-8
      string: '{"name":"rose","description":"The Flower of love","plant_type":"flower1","position":"A1"}'
    headers:
      User-Agent:
      - Faraday v2.9.0
      Content-Type:
      - application/json
      Accept-Encoding:
      - gzip;q=1.0,deflate;q=0.6,identity;q=0.3
      Accept:
      - "*/*"
  response:
    status:
      code: 200
      message: OK
    headers:
      Server:
      - Cowboy
      Date:
      - Sun, 02 Jun 2024 21:02:24 GMT
      Report-To:
      - '{"group":"heroku-nel","max_age":3600,"endpoints":[{"url":"https://nel.heroku.com/reports?ts=1717362145&sid=e11707d5-02a7-43ef-b45e-2cf4d2036f7d&s=nJ2eWWOHt9H%2BWIOAD9tmeROti5xS%2Bkq8SBmFHmtLSsg%3D"}]}'
      Reporting-Endpoints:
      - heroku-nel=https://nel.heroku.com/reports?ts=1717362145&sid=e11707d5-02a7-43ef-b45e-2cf4d2036f7d&s=nJ2eWWOHt9H%2BWIOAD9tmeROti5xS%2Bkq8SBmFHmtLSsg%3D
      Nel:
      - '{"report_to":"heroku-nel","max_age":3600,"success_fraction":0.005,"failure_fraction":0.05,"response_headers":["Via"]}'
      Connection:
      - keep-alive
      X-Frame-Options:
      - SAMEORIGIN
      X-Xss-Protection:
      - '0'
      X-Content-Type-Options:
      - nosniff
      X-Permitted-Cross-Domain-Policies:
      - none
      Referrer-Policy:
      - strict-origin-when-cross-origin
      Content-Type:
      - application/json; charset=utf-8
      Vary:
      - Accept, Origin
      Etag:
      - W/"6d142bc1a4b6759524adf091a16b3f75"
      Cache-Control:
      - max-age=0, private, must-revalidate
      X-Request-Id:
      - 3fac6375-1e5e-4884-8d4a-bb4c83555988
      X-Runtime:
      - '0.001636'
      Strict-Transport-Security:
      - max-age=63072000; includeSubDomains
      Content-Length:
      - '1279'
      Via:
      - 1.1 vegur
    body:
      encoding: UTF-8
      string: '{"name":"rose","description":"The Flower of love","plant_type":"flower1","lifespan":86400000,"planted":1717362145,"position":"A1","phases":{"stem":{"color":[[0,255,0],[0,255,0],[0,255,0],[0,255,0],[0,255,0]],"stemWidth":[0.4,0.4,0.4,0.4,0.4],"path":[[[0.5,0,0],[0.5,0,0],[0.5,0,0.8],[0.1,0.7,0],[0.1,0.7,0],[0.1,0.7,0],[0.1,0.7,0],[0.1,0.7,0]],[[0.5,0,0],[0.5,0,0],[0.5,0,0.8],[0.1,1.76,0],[0.1,1.76,0],[0.1,1.76,0],[0.1,1.76,0],[0.1,1.76,0]],[[0.5,0,0],[0.5,0,0],[0.5,0,0.8],[0.1,7,0],[0.1,7,0],[0.1,7,0],[0.1,7,0],[0.1,7,0]],[[0.5,0,0],[0.5,0,0],[0.5,0,0.56],[0.1,4.5,0.88],[0.1,7.46,1.42],[0.1,8.34,1.08],[0.1,8.42,0],[0.1,7.08,-0.26]],[[0.5,0,0],[0.5,0,0],[0.5,0,0.56],[0.1,2.5,0.88],[0.1,5.46,1.42],[0.1,6.34,1.08],[0.1,6.42,0],[0.1,5.08,-0.26]]]},"bloom":{"color":[[21,186,43],[21,186,43],[21,186,43],[21,186,43],[21,186,43]],"petalCount":[1,1,1,1,1],"recRadius":[0.16,0.16,0.18,0.2,0.13],"radiusTop":[0.3,0.4,0.54,1.09,0.93],"radiusBottom":[0.3,0.42,0.96,1.09,0.59],"noiseScale":[0.46,1.24,1.3,1.16,1.16],"noiseImpactX":[0.46,0.5,0.5,0.5,0.48],"noiseImpactY":[0.34,0.45,0.51,2.08,2.63],"noiseImpactZ":[0,0,1,0.99,0.94],"height":[0.16,0.11,0.04,0.04,0.04],"radialSegments":[100,100,100,34.01,11.88],"rotation":[[0,0,0],[0.03,0,0],[-0.38,0.07,-0.43],[-0.38,0.07,0.07],[-0.71,0.07,-0.43]]}}}'
  recorded_at: Sun, 02 Jun 2024 21:02:25 GMT
- request:
    method: post
    uri: https://be-plant-microservce-b4648dce0143.herokuapp.com/generate_plant
    body:
      encoding: UTF-8
      string: '{"name":"Sun Flower","description":"Holds the power of the sun","plant_type":"flower1","position":"A2"}'
    headers:
      User-Agent:
      - Faraday v2.9.0
      Content-Type:
      - application/json
      Accept-Encoding:
      - gzip;q=1.0,deflate;q=0.6,identity;q=0.3
      Accept:
      - "*/*"
  response:
    status:
      code: 200
      message: OK
    headers:
      Server:
      - Cowboy
      Date:
      - Sun, 02 Jun 2024 21:02:24 GMT
      Report-To:
      - '{"group":"heroku-nel","max_age":3600,"endpoints":[{"url":"https://nel.heroku.com/reports?ts=1717362145&sid=e11707d5-02a7-43ef-b45e-2cf4d2036f7d&s=nJ2eWWOHt9H%2BWIOAD9tmeROti5xS%2Bkq8SBmFHmtLSsg%3D"}]}'
      Reporting-Endpoints:
      - heroku-nel=https://nel.heroku.com/reports?ts=1717362145&sid=e11707d5-02a7-43ef-b45e-2cf4d2036f7d&s=nJ2eWWOHt9H%2BWIOAD9tmeROti5xS%2Bkq8SBmFHmtLSsg%3D
      Nel:
      - '{"report_to":"heroku-nel","max_age":3600,"success_fraction":0.005,"failure_fraction":0.05,"response_headers":["Via"]}'
      Connection:
      - keep-alive
      X-Frame-Options:
      - SAMEORIGIN
      X-Xss-Protection:
      - '0'
      X-Content-Type-Options:
      - nosniff
      X-Permitted-Cross-Domain-Policies:
      - none
      Referrer-Policy:
      - strict-origin-when-cross-origin
      Content-Type:
      - application/json; charset=utf-8
      Vary:
      - Accept, Origin
      Etag:
      - W/"5e4eb20ca685f601b128af19fdcf97e1"
      Cache-Control:
      - max-age=0, private, must-revalidate
      X-Request-Id:
      - b5979f78-888e-4dec-9970-18c8eaef7613
      X-Runtime:
      - '0.002339'
      Strict-Transport-Security:
      - max-age=63072000; includeSubDomains
      Content-Length:
      - '1305'
      Via:
      - 1.1 vegur
    body:
      encoding: UTF-8
      string: '{"name":"Sun Flower","description":"Holds the power of the sun","plant_type":"flower1","lifespan":86400000,"planted":1717362145,"position":"A2","phases":{"stem":{"color":[[0,255,0],[0,255,0],[0,255,0],[0,255,0],[0,255,0]],"stemWidth":[0.4,0.4,0.4,0.4,0.4],"path":[[[0.5,0,0],[0.5,0,0],[0.5,0,0.8],[0.1,0.7,0],[0.1,0.7,0],[0.1,0.7,0],[0.1,0.7,0],[0.1,0.7,0]],[[0.5,0,0],[0.5,0,0],[0.5,0,0.8],[0.1,1.76,0],[0.1,1.76,0],[0.1,1.76,0],[0.1,1.76,0],[0.1,1.76,0]],[[0.5,0,0],[0.5,0,0],[0.5,0,0.8],[0.1,7,0],[0.1,7,0],[0.1,7,0],[0.1,7,0],[0.1,7,0]],[[0.5,0,0],[0.5,0,0],[0.5,0,0.56],[0.1,4.5,0.88],[0.1,7.46,1.42],[0.1,8.34,1.08],[0.1,8.42,0],[0.1,7.08,-0.26]],[[0.5,0,0],[0.5,0,0],[0.5,0,0.56],[0.1,2.5,0.88],[0.1,5.46,1.42],[0.1,6.34,1.08],[0.1,6.42,0],[0.1,5.08,-0.26]]]},"bloom":{"color":[[131,245,182],[131,245,182],[131,245,182],[131,245,182],[131,245,182]],"petalCount":[1,1,1,1,1],"recRadius":[0.16,0.16,0.19,0.2,0.14],"radiusTop":[0.3,0.31,0.69,1.09,0.3],"radiusBottom":[0.3,0.41,0.77,1.09,0.26],"noiseScale":[0.46,1.46,1.09,1.23,1.13],"noiseImpactX":[0.46,0.48,0.5,0.5,0.49],"noiseImpactY":[0.34,0.43,0.92,1.94,2.63],"noiseImpactZ":[0,0,0,0.97,0.94],"height":[0.16,0.15,0.04,0.04,0.04],"radialSegments":[100,100,100,13.17,11.88],"rotation":[[0,0,0],[0.03,0,0],[-0.38,0.07,-0.43],[-0.38,0.07,0.07],[-0.71,0.07,-0.43]]}}}'
  recorded_at: Sun, 02 Jun 2024 21:02:25 GMT
- request:
    method: post
    uri: https://be-plant-microservce-2db5d13ea731.herokuapp.com/generate_plant
    body:
      encoding: UTF-8
      string: '{"name":"rose","description":"The Flower of love","plant_type":"flower1","position":"A1"}'
    headers:
      User-Agent:
      - Faraday v2.9.0
      Content-Type:
      - application/json
      Accept-Encoding:
      - gzip;q=1.0,deflate;q=0.6,identity;q=0.3
      Accept:
      - "*/*"
  response:
    status:
      code: 200
      message: OK
    headers:
      Report-To:
      - '{"group":"heroku-nel","max_age":3600,"endpoints":[{"url":"https://nel.heroku.com/reports?ts=1717436724&sid=c46efe9b-d3d2-4a0c-8c76-bfafa16c5add&s=GBPMIgrFAFEclhuEPKMFVugtDYgozX71gn7JbPCjziM%3D"}]}'
      Reporting-Endpoints:
      - heroku-nel=https://nel.heroku.com/reports?ts=1717436724&sid=c46efe9b-d3d2-4a0c-8c76-bfafa16c5add&s=GBPMIgrFAFEclhuEPKMFVugtDYgozX71gn7JbPCjziM%3D
      Nel:
      - '{"report_to":"heroku-nel","max_age":3600,"success_fraction":0.005,"failure_fraction":0.05,"response_headers":["Via"]}'
      Connection:
      - keep-alive
      Content-Type:
      - application/json
      Content-Length:
      - '1286'
      X-Content-Type-Options:
      - nosniff
      Server:
      - WEBrick/1.8.1 (Ruby/3.2.2/2023-03-30)
      Date:
      - Mon, 03 Jun 2024 17:45:24 GMT
      Via:
      - 1.1 vegur
    body:
      encoding: UTF-8
      string: '{"name":"rose","description":"The Flower of love","plant_type":"flower1","lifespan":86400000,"planted":1717436724,"position":"A1","phases":{"stem":{"color":[[0,255,0],[0,255,0],[0,255,0],[0,255,0],[0,255,0]],"stemWidth":[0.4,0.4,0.4,0.4,0.4],"path":[[[0.5,0,0],[0.5,0,0],[0.5,0,0.8],[0.1,0.7,0],[0.1,0.7,0],[0.1,0.7,0],[0.1,0.7,0],[0.1,0.7,0]],[[0.5,0,0],[0.5,0,0],[0.5,0,0.8],[0.1,1.76,0],[0.1,1.76,0],[0.1,1.76,0],[0.1,1.76,0],[0.1,1.76,0]],[[0.5,0,0],[0.5,0,0],[0.5,0,0.8],[0.1,7,0],[0.1,7,0],[0.1,7,0],[0.1,7,0],[0.1,7,0]],[[0.5,0,0],[0.5,0,0],[0.5,0,0.56],[0.1,4.5,0.88],[0.1,7.46,1.42],[0.1,8.34,1.08],[0.1,8.42,0],[0.1,7.08,-0.26]],[[0.5,0,0],[0.5,0,0],[0.5,0,0.56],[0.1,2.5,0.88],[0.1,5.46,1.42],[0.1,6.34,1.08],[0.1,6.42,0],[0.1,5.08,-0.26]]]},"bloom":{"color":[[101,29,252],[101,29,252],[101,29,252],[101,29,252],[101,29,252]],"petalCount":[1,1,1,1,1],"recRadius":[0.16,0.16,0.18,0.2,0.18],"radiusTop":[0.3,0.43,0.72,1.09,0.36],"radiusBottom":[0.3,0.46,0.97,1.09,0.72],"noiseScale":[0.46,1.16,1.54,1.19,1.07],"noiseImpactX":[0.46,0.48,0.5,0.5,0.4],"noiseImpactY":[0.34,0.39,0.58,2.41,2.63],"noiseImpactZ":[0,0,0,0.95,0.94],"height":[0.16,0.16,0.04,0.04,0.01],"radialSegments":[100,100,100,81.08,11.88],"rotation":[[0,0,0],[0.03,0,0],[-0.38,0.07,-0.43],[-0.38,0.07,0.07],[-0.71,0.07,-0.43]]}}}'
  recorded_at: Mon, 03 Jun 2024 17:45:24 GMT
- request:
    method: post
    uri: https://be-plant-microservce-2db5d13ea731.herokuapp.com/generate_plant
    body:
      encoding: UTF-8
      string: '{"name":"Sun Flower","description":"Holds the power of the sun","plant_type":"flower1","position":"A2"}'
    headers:
      User-Agent:
      - Faraday v2.9.0
      Content-Type:
      - application/json
      Accept-Encoding:
      - gzip;q=1.0,deflate;q=0.6,identity;q=0.3
      Accept:
      - "*/*"
  response:
    status:
      code: 200
      message: OK
    headers:
      Report-To:
      - '{"group":"heroku-nel","max_age":3600,"endpoints":[{"url":"https://nel.heroku.com/reports?ts=1717436724&sid=c46efe9b-d3d2-4a0c-8c76-bfafa16c5add&s=GBPMIgrFAFEclhuEPKMFVugtDYgozX71gn7JbPCjziM%3D"}]}'
      Reporting-Endpoints:
      - heroku-nel=https://nel.heroku.com/reports?ts=1717436724&sid=c46efe9b-d3d2-4a0c-8c76-bfafa16c5add&s=GBPMIgrFAFEclhuEPKMFVugtDYgozX71gn7JbPCjziM%3D
      Nel:
      - '{"report_to":"heroku-nel","max_age":3600,"success_fraction":0.005,"failure_fraction":0.05,"response_headers":["Via"]}'
      Connection:
      - keep-alive
      Content-Type:
      - application/json
      Content-Length:
      - '1300'
      X-Content-Type-Options:
      - nosniff
      Server:
      - WEBrick/1.8.1 (Ruby/3.2.2/2023-03-30)
      Date:
      - Mon, 03 Jun 2024 17:45:24 GMT
      Via:
      - 1.1 vegur
    body:
      encoding: UTF-8
      string: '{"name":"Sun Flower","description":"Holds the power of the sun","plant_type":"flower1","lifespan":86400000,"planted":1717436724,"position":"A2","phases":{"stem":{"color":[[0,255,0],[0,255,0],[0,255,0],[0,255,0],[0,255,0]],"stemWidth":[0.4,0.4,0.4,0.4,0.4],"path":[[[0.5,0,0],[0.5,0,0],[0.5,0,0.8],[0.1,0.7,0],[0.1,0.7,0],[0.1,0.7,0],[0.1,0.7,0],[0.1,0.7,0]],[[0.5,0,0],[0.5,0,0],[0.5,0,0.8],[0.1,1.76,0],[0.1,1.76,0],[0.1,1.76,0],[0.1,1.76,0],[0.1,1.76,0]],[[0.5,0,0],[0.5,0,0],[0.5,0,0.8],[0.1,7,0],[0.1,7,0],[0.1,7,0],[0.1,7,0],[0.1,7,0]],[[0.5,0,0],[0.5,0,0],[0.5,0,0.56],[0.1,4.5,0.88],[0.1,7.46,1.42],[0.1,8.34,1.08],[0.1,8.42,0],[0.1,7.08,-0.26]],[[0.5,0,0],[0.5,0,0],[0.5,0,0.56],[0.1,2.5,0.88],[0.1,5.46,1.42],[0.1,6.34,1.08],[0.1,6.42,0],[0.1,5.08,-0.26]]]},"bloom":{"color":[[33,190,107],[33,190,107],[33,190,107],[33,190,107],[33,190,107]],"petalCount":[1,1,1,1,1],"recRadius":[0.16,0.17,0.18,0.2,0.19],"radiusTop":[0.3,0.4,1.01,1.09,1.08],"radiusBottom":[0.3,0.43,0.66,1.09,0.51],"noiseScale":[0.46,1.39,1.28,1.31,0.26],"noiseImpactX":[0.46,0.48,0.5,0.5,0.39],"noiseImpactY":[0.34,0.48,0.72,2.37,2.63],"noiseImpactZ":[0,0,0,0.99,0.94],"height":[0.16,0.09,0.04,0.04,0.01],"radialSegments":[100,100,100,26.35,11.88],"rotation":[[0,0,0],[0.03,0,0],[-0.38,0.07,-0.43],[-0.38,0.07,0.07],[-0.71,0.07,-0.43]]}}}'
  recorded_at: Mon, 03 Jun 2024 17:45:24 GMT
- request:
    method: post
    uri: http://localhost:3001/generate_plant
    body:
      encoding: UTF-8
      string: '{"name":"rose","description":"The Flower of love","plant_type":"flower1","position":"A1"}'
    headers:
      User-Agent:
      - Faraday v2.9.0
      Content-Type:
      - application/json
      Accept-Encoding:
      - gzip;q=1.0,deflate;q=0.6,identity;q=0.3
      Accept:
      - "*/*"
  response:
    status:
      code: 200
      message: OK
    headers:
      Content-Type:
      - application/json
      X-Content-Type-Options:
      - nosniff
      Content-Length:
      - '1295'
    body:
      encoding: UTF-8
      string: '{"name":"rose","description":"The Flower of love","plant_type":"flower1","position":"A1","lifespan":86400000,"planted":1719253630,"phases":{"stem":{"color":[[0,255,0],[0,255,0],[0,255,0],[0,255,0],[0,255,0]],"stemWidth":[0.4,0.4,0.4,0.4,0.4],"path":[[[0.5,0,0],[0.5,0,0],[0.5,0,0.8],[0.1,0.7,0],[0.1,0.7,0],[0.1,0.7,0],[0.1,0.7,0],[0.1,0.7,0]],[[0.5,0,0],[0.5,0,0],[0.5,0,0.8],[0.1,1.76,0],[0.1,1.76,0],[0.1,1.76,0],[0.1,1.76,0],[0.1,1.76,0]],[[0.5,0,0],[0.5,0,0],[0.5,0,0.8],[0.1,7,0],[0.1,7,0],[0.1,7,0],[0.1,7,0],[0.1,7,0]],[[0.5,0,0],[0.5,0,0],[0.5,0,0.56],[0.1,4.5,0.88],[0.1,7.46,1.42],[0.1,8.34,1.08],[0.1,8.42,0],[0.1,7.08,-0.26]],[[0.5,0,0],[0.5,0,0],[0.5,0,0.56],[0.1,2.5,0.88],[0.1,5.46,1.42],[0.1,6.34,1.08],[0.1,6.42,0],[0.1,5.08,-0.26]]]},"bloom":{"color":[[148,61,40],[148,61,40],[148,61,40],[148,61,40],[148,61,40]],"petalCount":[1,1,1,1,1],"recRadius":[0.16,0.17,0.18,0.2,0.12],"radiusTop":[0.3,0.48,1.04,1.09,0.85],"radiusBottom":[0.3,0.39,0.7,1.09,0.49],"noiseScale":[0.46,1.32,1.42,1.04,0.25],"noiseImpactX":[0.46,0.5,0.5,0.5,0.42],"noiseImpactY":[0.34,0.5,0.62,2.19,2.63],"noiseImpactZ":[0,0,1,0.95,0.94],"height":[0.16,0.07,0.04,0.04,0.02],"radialSegments":[100,100,100,20.22,11.88],"rotation":[[0,0,0],[0.03,0,0],[-0.38,0.07,-0.43],[-0.38,0.07,0.07],[-0.71,0.07,-0.43]]}}}'
  recorded_at: Mon, 24 Jun 2024 18:27:10 GMT
- request:
    method: post
    uri: http://localhost:3001/generate_plant
    body:
      encoding: UTF-8
      string: '{"name":"Sun Flower","description":"Holds the power of the sun","plant_type":"flower1","position":"A2"}'
    headers:
      User-Agent:
      - Faraday v2.9.0
      Content-Type:
      - application/json
      Accept-Encoding:
      - gzip;q=1.0,deflate;q=0.6,identity;q=0.3
      Accept:
      - "*/*"
  response:
    status:
      code: 200
      message: OK
    headers:
      Content-Type:
      - application/json
      X-Content-Type-Options:
      - nosniff
      Content-Length:
      - '1310'
    body:
      encoding: UTF-8
      string: '{"name":"Sun Flower","description":"Holds the power of the sun","plant_type":"flower1","position":"A2","lifespan":86400000,"planted":1719253630,"phases":{"stem":{"color":[[0,255,0],[0,255,0],[0,255,0],[0,255,0],[0,255,0]],"stemWidth":[0.4,0.4,0.4,0.4,0.4],"path":[[[0.5,0,0],[0.5,0,0],[0.5,0,0.8],[0.1,0.7,0],[0.1,0.7,0],[0.1,0.7,0],[0.1,0.7,0],[0.1,0.7,0]],[[0.5,0,0],[0.5,0,0],[0.5,0,0.8],[0.1,1.76,0],[0.1,1.76,0],[0.1,1.76,0],[0.1,1.76,0],[0.1,1.76,0]],[[0.5,0,0],[0.5,0,0],[0.5,0,0.8],[0.1,7,0],[0.1,7,0],[0.1,7,0],[0.1,7,0],[0.1,7,0]],[[0.5,0,0],[0.5,0,0],[0.5,0,0.56],[0.1,4.5,0.88],[0.1,7.46,1.42],[0.1,8.34,1.08],[0.1,8.42,0],[0.1,7.08,-0.26]],[[0.5,0,0],[0.5,0,0],[0.5,0,0.56],[0.1,2.5,0.88],[0.1,5.46,1.42],[0.1,6.34,1.08],[0.1,6.42,0],[0.1,5.08,-0.26]]]},"bloom":{"color":[[201,1,191],[201,1,191],[201,1,191],[201,1,191],[201,1,191]],"petalCount":[1,1,1,1,1],"recRadius":[0.16,0.16,0.18,0.2,0.11],"radiusTop":[0.3,0.47,0.53,1.09,0.58],"radiusBottom":[0.3,0.31,1.03,1.09,0.67],"noiseScale":[0.46,0.57,1.91,1.1,0.57],"noiseImpactX":[0.46,0.47,0.5,0.5,0.48],"noiseImpactY":[0.34,0.48,0.68,2.5,2.63],"noiseImpactZ":[0,0,0,0.95,0.94],"height":[0.16,0.11,0.04,0.04,0.03],"radialSegments":[100,100,100,66.85,11.88],"rotation":[[0,0,0],[0.03,0,0],[-0.38,0.07,-0.43],[-0.38,0.07,0.07],[-0.71,0.07,-0.43]]}}}'
  recorded_at: Mon, 24 Jun 2024 18:27:10 GMT
recorded_with: VCR 6.2.0
